Gg, Mm, Gll^Fmf, Gg, Mm, Wog, Wog, Wog, Mm, Gg, Mm^Xm, Mm^Xm, Mm^Xm, Gg, Mm, Mm, Mm, Mm, Mm^Xm, Mm, Mm, Mm, Mm, Mm^Xm, Mm^Xm, Mm^Xm, Mm
Gg, Mm, Mm, Mm, Mm, Wog, Wog, Wog, Wog, Mm^Xm, Mm^Xm, Mm^Xm, Mm, Mm, Mm, Mm, Mm, Mm, Mm^Xm, Mm^Xm, Mm, Mm, Mm, Mm, Mm, Mm, Mm
Mm, Mm, Mm, Mm, Gd, Wog, Wog, Wog, Wog, Mm, Mm, Mm, Mm, Mm, Mm, Mm^Xm, Mm^Xm, Mv, Mm^Xm, Mm^Xm, Mm, Mm, Mm^Xm, Mm, Mm, 3 Hhd, Mm
Hhd, Mm, Mm, Gll^Fmf, Mm, Mm, Mm, Wog, Wog, Wog, Mm^Xm, Mm, Mm, Mm, Mm^Xm, Mm^Xm, Mm^Xm, Mm, Wog, Mm, Ww, Mm, Mm, Mm^Xm, Mm^Xm, Mm, Mm
Hhd, Hhd, Hhd, Mm, Wog, Mm, Mm, Wog, Wog, Wog, Wog, Wog, Wog, Mm, Wog, Wog, Wog, Wog, Wwr^Es, Ww^Es, Ww^Es, Ww^Es, Ww, Mm^Xm, Mm^Xm, Mm^Xm, Mm
Mm, Mm, Mm, Gll^Fdf, Mm^Xm, Mm^Xm, Mm^Xm, Wog, Wog, Wog, Wog, Wog, Wog, Wog, Wog, Wog, Rd^Es, Chr, Chr, Ww^Es, Wog, Ww^Es, Wog, Mm^Xm, Mm^Xm, Mm^Xm, Mm^Xm
Hh, Mm, Mm, Mm^Xm, Mm^Xm, Gll^Fdf, Mm^Xm, Mm^Xm, Ds^Esd, Wog, Wog, Gd, Gll^Fdf, Wog, Gd, Wog, Chr, Chr, Khr, Rd^Edb, Chr, Wog, Wog, Wog, Wog, Mm^Xm, Wog
Hhd, Mm, Mm, Mm^Xm, Mm^Xm, Gll^Fmf, Gll^Fdf, Mm^Xm, Gd, Ds^Esd, Gll^Fdf, Gg^Efm, Gs^Vh, Gll^Fdf, Rb, Gs, Rb, Rd^Es, Wog, Ww^Vhs, Gs, Wog, Wog, Wog, Wog, Wog, Wog
Rb, Gll^Fdf, Hhd, Mm, Mm, Gs^Fms, Gll^Fmf, Wog, Gg, Mm, Rb, Rb, Rb, Rb, Mm, Rb, Rb, Gs, Gll^Fmf, Gll^Fdf, Rb, Gll^Fdf, Mm, Gs, Wog, Wog, Mm
Rb, Rb, Rb, Mm, Ce, Gll^Fdf, Gg, Gg^Efm, Gll^Fdf, Rb, Gg, Mm, Mm, Gll^Fdf, Gd, Gs^Vh, Gll^Fdf, Rb, Gs, Gll^Fdf, Gs, Gd, Gll^Fdf, Gll^Fdf, Ww, Mm, Mm
Mm, Rb, 2 Ke, 1 Ke, Ce, Rb, Rb, Gll^Fdf, Rb, Rb, Gg^Gvs, Gg, Gd, Gll^Fdf, Gd, Gll^Fdf, Rb, Rb, Gll^Fdf, Gg, Ww, Ww, Ww, Ww, Gd, Gll^Fdf, Gg
Mm, Mm, Ce, Ce, Rb, Rb, Mm, Rb, Gll^Fdf, Gs^Vh, Gll^Fmf, Gg, Mm, Gg, Gll^Fmf, Rb, Khr, Hhd, Gg^Efm, Gs^Vh, Ww, Mm, Gs, Gg, Hhd, Gg, Ww
Gll^Fdf, Gll^Fdf, Gll^Fmf, Rb, Gll^Fdf, Gll^Fdf, Gd, Gg, Gll^Fdf, Gg, Gd, Hhd, Gll^Fdf, Gg, Rb, Rb, Chr, Gd, Gg, Ww, Gg, Mm, Hhd, Mm, Gll^Fdf, Gg^Gvs, Gg^Gvs
Gg, Gll^Fdf, Gg, Mm, Gll^Fmf, Hhd, Gg, Gll^Fmf, Gll^Fmf, Gg^Efm, Rb, Rb, Rb, Rb, Gs^Vh, Ww, Gd, Hhd, Gg, Ww, Ww, Gll^Fdf, Sm, Gll^Fmf, Gg^Efm, Gs^Vh, Gg
Gg, Gg, Gs^Vh, Hhd, Gll^Fmf, Mm, Gg, Gg, Gs^Vh, Rb, Gll^Fmf, Gll^Fdf, Gll^Fdf, Gg, Gg, Gg^Efm, Gll^Fdf, Gg, Mm, Gll^Fmf, Mm, Ww, Hhd, Gll^Fdf, Gg, Gll, Gg
Gll^Fdf, Gll^Fdf, Ww, Gg^Efm, Gg, Gd, Gll^Fmf, Mm, Sm, Rb, Chr, Hhd, Gs, Gd, Gg, Gg, Mm, Hhd, Gll^Fdf, Gll^Fdf, Gll, Ww, Ww, Gd, Gll^Fdf, Mm, Mm
Rb, Mm, Mm, Mm, Gg, Gll^Fdf, Ww, Ww^Ewl, Ww^Vhs, Khr, Rb, Gg^Es, Gll^Fmf, Mm, Mm, Rb, Gg, Gg, Gll, Gd, Sm^Em, Mm, Ww, Gll, Hhd, Mm, Gll^Fdf
Mm, Gll^Fmf, Hhd, Mm, Gg, Mm, Ww, Ww, Mm, Ww, Ww, Rb, Ww, Hhd, Mm, Mm, Mm, Mm, Cte, Cte, Hh^Vc, Ss, Gll^Fdf, Ww, Ww, Sm, Gll^Fdf
Hh, Ww, Gg^Gvs, Gg^Gvs, Gg, Rb, Gg, Gll^Fmf, Gg, Ww, Rb, Rb, Hhd, Hhd, Gg^Es, Gll^Fmf, Gll^Fdf, Hhd, Rb, 4 Kte, Rb, Cte, Ww, Ww, Ww, Mm, Mm
Gll^Fmf, Gll^Fmf, Hhd, Gs^Vh, Gll^Fdf, Gg, Mm, Gd, Gll^Fmf, Gd, Rb, Gll^Fdf, Rb, Rb, Rb, Rb, Rb, Rb, Hh, Cte, Ww, Ww^Bw\r, Rb^Es, Ww, Mm, Ww, Ww
Mm, Gll^Fdf, Gll^Fmf, Mm, Gll^Fmf, Mm, Mm, Hhd, Gll^Fmf, Gll^Fdf, Gg, Rb, Gd, Hhd, Gll^Fdf, Gs^Vh, Gll^Fdf, Mm, Mm, Mm, Hh, Ww, Ww, Rb^Es, Rb^Es, Gs^Vc, Ww
Gll^Fmf, Hhd, Hh, Mm, Mm, Wog, Gll^Fmf, Mm, Gg, Gll^Fdf, Gll^Fdf, Gll^Fdf, Gg, Gll^Fmf, Gll^Fdf, Mm, Gll^Fmf, Mm, Hh, Mm, Mm, Ww, Ww, Mm, Rb, Mm, Hh
