Ss, Ss, Ss, Ss, Ss, Gg, Gll^Ftr, Gll^Ftr, Ss, Ss, Gll^Ftr, Ww, Ww, Gg, Gg, Gg, Ss, Gg, Gll^Ftr, Gg, Ss, Gg, Gll^Ftr, Gg, Gll^Ftr, Gg, Gll^Ftr, Gg, Ss, Gg, Ss, Gg, Ss, Gg, Ww, Gg, Ss, Gg, Ss, Gg, Gll^Ftr, Gg
Ss, Ss, 3 Khr, Chr, Chr, Rb, Gs, Rb, Gg, Gg, Gll^Ftr, Gg, Gg, Gll^Ftr, Gll^Ftr, Ss, Ss, Gll^Ftr, Sm, Gll^Ftr, Rb, Gll^Ftr, Ss, Ss, Ss, Gll^Ftr, Ss, Gll^Ftr, 4 Khr, Ss, Gg, Gll^Ftr, Sm, Ww, Ww, Gll^Ftr, Ss, Ss, Ww, Gll^Ftr, Ss, Gll^Ftr
Ss, Gg, Chr, Chr, Ww, Rb, Rb, Gg, Ww, Gll^Ftr, Gll^Ftr, Ww, Sm, Gg, Gg, Gg, Ce, Ww, Ss, Gll^Ftr, Gll^Ftr, Ss, Ww, Sm, Ss, Gll^Ftr, Gll^Ftr, Ww, Rb, Chr, Chr, Gg, Gll^Ftr, Ww, Gll^Ftr, Gll^Ftr, Gll^Ftr, Gg, Rb, Sm, Ss, Ss
Ss, Ss, Ss^Vhs, Chr, Rb, Rb, Ss, Rb, Rb, Sm, Ss, Ww, Gll^Ftr, Gll^Ftr, Ww, Gg, 5 Ket, Ss, Ss, Ss, Gll^Ftr, Ss, Ww, Gll^Ftr, Gg, Gg, Gg, Sm, Rb, Ss^Vhs, Gll^Ftr, Gll^Ftr, Ss, Gg, Gs, Gg, Gg, Gll^Ftr, Ss, Ss, Gll^Ftr, Gll^Ftr
Gll^Ftr, Ss, Gll^Ftr, Gg, Gg, Sm, Gll^Ftr, Ss, Rb, Ww, Ss, Ss, Gll^Ftr, Ww, Gg, Ce, Gg, Ss, Ss^Vhs, Gll^Ftr, Gll^Ftr, Gg, Ss, Ww, Gll^Ftr, Gll^Ftr, Gll^Ftr, Ss, Ss, Rb, Rb, Rb, Rb, Rb, Rb, Gg, Gll^Ftr, Gs, Gg, Ss^Vhs, Ww, Ss
Gg, Gll^Ftr, Ww, Gs, Rb, Ww, Rb, Ss, Ww, Ww^Bw\r, Rb, Gll^Ftr, Gll^Ftr, Ss, Ss, Ss, Ww, Gg, Rb, Gll^Ftr, Ww, Gg, Sm, Sm, Ss^Vhs, Rb, Sm, Ww, Rb, Rb, Gll^Ftr, Ww, Ww, Ww, Rb, Ss, Ss, Gg, Ss, Gll^Ftr, Rb, Ss
Gll^Ftr, Gll^Ftr, Ww, Sm, Gs, Re, Gll^Ftr, Gll^Ftr, Ss, Ss, Rb, Ss, Ss, Gg, Gg, Sm, Ww, Gll^Ftr, Gll^Ftr, Re, Ss, Ww, Gll^Ftr, Ss, Ww, Gg, Gll^Ftr, Rb, Ww, Ss, Ss, Ss, Gll^Ftr, Sm, Ss, Rb, Rb, Gll^Ftr, Sm, Rb, Rb, Rb
Gg, Gll^Ftr, Gll^Ftr, Ww, Ss, Gg, Rb, Gll^Ftr, Gll^Ftr, Rb, Sm, Gll^Ftr, Ss, Gll^Ftr, Gll^Ftr, Ww, Re, Gg, Rb, Rb, Gg, Gll^Ftr, Rb, Gll^Ftr, Gll^Ftr, Sm, Ss, Re, Ss^Vhs, Cer, Gll^Ftr, Ss, Ww, Rb, Sm, Ww, Rb, Ww, Ww^Bw/, Re, Rb, Rb
Ss, Ss, Gg, Ss, Rb, Ww^Bw/, Ww, Sm, Rb, Sm^Vhs, Gll^Ftr, Ww, Ss, Gg, Gll^Ftr, Rb, Gll^Ftr, Gg, Gll^Ftr, Ww, Ss, Ss, Ss, Gll^Ftr, Rb, Ss, Ss, Ss^Bw|r, Cer, Ker, Ss, Ss, Ss, Gll^Ftr, Ww, Sm, Ss, Re, Gll^Ftr, Ww, Ww, Gll^Ftr
Gll^Ftr, Gll^Ftr, Gll^Ftr, Rb, Gll^Ftr, Ww, Gll^Ftr, Ss, Ss, Gll^Ftr, Gll^Ftr, Rb, Ss, Ss, Gll^Ftr, Gll^Ftr, Gll^Ftr, Ss, Sm, Ww, Ss, Gll^Ftr, Rb, Rb, Rb, Sm, Ww^Bw/, Re, Gll^Ftr, Gll^Ftr, Gll^Ftr, Rb, Gll^Ftr, Sm, Ww, Gll^Ftr, Ss, Ss^Vhs, Gg, Ww, Ss, Gll^Ftr
Gll^Ftr, Ww, Sm, Rb, Gll^Ftr, Ss, Ss, Gll^Ftr, Ss, Gll^Ftr, Rb, Gll^Ftr, Rb, Gll^Ftr, Gs, Ww, Ww, Ss, Gll^Ftr, Ss, Gll^Ftr, Gll^Ftr, Cer, Gg, Ss, Re, Ww, Ww, Ss, Ss, Ss, Ss, Gll^Ftr, Ss, Gll^Ftr, Gg, Gll^Ftr, Ss, Gg, Gll^Ftr, Ss, Gll^Ftr
Gll^Ftr, Ww, Ce, Ce, Rb, Rb, Gll^Ftr, Gll^Ftr, Rb, Rb, Gll^Ftr, Rb, Rb, Gll^Ftr, Ss, Sm, Ss^Vhs, Gll^Ftr, Gll^Ftr, Ss, Cer, Ker, Cer, Gll^Ftr, Ss, Sm, Gll^Ftr, Ss, Gg, Gg, Ss^Vhs, Sm, Re, Ss, Gg, Rb, Gll^Ftr, Gll^Ftr, Sm, Gll^Ftr, Ss, Gll^Ftr
Rb, Rb, Rb, 2 Ket, 1 Ket, Rb, Rb, Gll^Ftr, Rb, Ss, Gll^Ftr, Ss, Rb, Gll^Ftr, Ss, Ss, Rb, Rb, Rb, Rb, Gg, Gg, Ss, Gg, Ss, Gll^Ftr, Gll^Ftr, Ss, Ss, Gll^Ftr, Re, Ww, Gll^Ftr, Rb, Gll^Ftr, Ss, Gll^Ftr, Ww, Ww, Ss, Ss, Gg
Rb, Rb, Rb, Rb, Ce, Ce, Rb, Rb, Ww, Ss, Gll^Ftr, Ss, Ww, Ww^Bw\r, Rb, Rb, Rb, Gll^Ftr, Ss, Gll^Ftr, Gll^Ftr, Gg, Ss, Ss, Gll^Ftr, Ww, Ww, Gll^Ftr, Ss, Rb, Gll^Ftr, Gg, Ss, Ss, Gll^Ftr, Gll^Ftr, Ww, Ww, Gll^Ftr, Gll^Ftr, Ss, Gg
Gll^Ftr, Rb, Ww, Rb, Rb, Ss, Rb, Ww, Ww, Gll^Ftr, Gll^Ftr, Gll^Ftr, Gg, Ww, Gg, Gll^Ftr, Gll^Ftr, Gll^Ftr, Gg, Ss, Gg, Gll^Ftr, Gg, Ss, Ss, Gll^Ftr, Gll^Ftr, Gll^Ftr, Gg, Gll^Ftr, Gll^Ftr, Gll^Ftr, Ss, Ss, Ss, Gll^Ftr, Ss, Gll^Ftr, Gll^Ftr, Gll^Ftr, Gg, Gg
