Mm, Gg, Mm, Wo, Wo, Wo, Wo, Wo, Wo, Wo, Wo, Wo, Wo, Wo, Wo, Wo, Wo, Wo, Wo, Wo, Wo, Wo, Wo, Wo, Wo, Wo, Wo, Wo, Wo, Wo, Wo, Wo, Wo, Wo, Wo, Wo, Wo, Wo
Mm, Mm, Mm, Mm, Mm, Wo, Wo, Wo, Wo, Wo, Wo, Wo, Wo, Wo, Wo, Wo, Wo, Wo, Wo, Wo, Wo, Wo, Wo, Wo, Wo, Wo, Wo, Wo, Wo, Wo, Wo, Wo, Wwr, Wo, Wo, Wo, Wo, Wo
Mm, Mm, Mm, Mm, Mm, Wo, Wo, Wo, Wo, Wo, Wo, Wo, Wo, Wo, Wo, Wo, Wo, Wo, Wo, Wo, Wo, Wo, Wo, Wo, Wo, Wo, Wo, Wo, Ch, Wo, Wo, Wo, Wo, Wwr, Wo, Wo, Rr^Vhc, Wo
Mm, Mm, Mm, Mm, Mm, Mm, Mm, Wo, Wo, Wo, Wo, Wo, Wo, Wo, Wo, Wo, Wo, Wo, Chr, Wo, Wo, Wo, Wo, Wo, Wo, Wo, Wo, Wo, Rr^Efm, Ds^Es, Ch, Wo, Mm, Wo, Wwr, Wwr, Wo, Wo
Mm, Mm, Mm, Mm, Mm, Mm, Wo, Wo, Wo, Gll^Fdf, Mm, Mm, Wo, Wo, Wo, Wo, Wo, Wo, Mm, Ds^Es, Ds, Wo, Wo, Wo, Wo, Wo, Wo, Wo, Gg^Gvs, Rr^Vhc, 3 Kh, Ds^Es, Mm, Wo, Ch, Wo, Wo, Wo
Mm, Mm, Mm, Mm, Mm, Mm, Mm, Wo, Mm, Gll^Fmf, Gg^Gvs, Gs^Vh, Gg^Efm, Wo, Wo, Wo, Wo, Wo, Wo, Rd, Gg, Gll^Fdf, Gg, Wo, Wo, Wo, Wo, Mm, Gg^Gvs, Ch, Ch, Ch, Wo, Wo, Rp^Efm, Rr^Vhc, Wo, Wo
Mm, Mm, Mm, Mm, Mm, Mm, Mm, Gll^Fdf, Gll^Fmf, Gg^Gvs, Gll^Fmf, Gll^Fmf, Ds^Es, Wo, Mm, Wo, Wo, Wo, Wwr, Mm, Gll^Fdf, Mm, Ww, Ww, Wo, Wo, Ww, Ch, Rp, Rp, Rr^Vhc, Wo, Wwr, Ch, Wo, Wo, Wo, Wo
Mm, Mm, Mm, Mm, Mm, Mm, Mm, Mm, Gll^Fdf, Mm, Ww, Gll^Fdf, Gg, Gd, Co, 6 Ko, Rb, Wo^Bw/, Ww, Ww, Gs, Gll^Fdf, Ww, Gll^Fdf, Gll^Fmf, Wo, Rp, Ww^Bsb/, Wwf^Es, Ch, Wo, Wo, Wo, Wo, Wo, Wo, Wo, Wo
Mm, Mm, Mm, Mm, Mm, Mm, Ww, Ww, Ww, Ww, Mm, Wwf^Es, Ww, Gg^Vo, Mm, Co, Re, Re^Es, Gg, Gg, Wwf^Es, Ww, Gs, Gs^Vhr, Rp, Rp, Mm, Gd, Gll^Fdf, Wwr, Wo, Wo, Wo, Wo, Wo, Wo, Wo, Wo
Mm, Mm, Mm, Mm, Mm, Mm, Ww, Mm, Mm, Gll^Fdf, Gg^Efm, Gll^Fmf, Wwf^Es, Gg, Gd, Gg, Gll^Fmf, Gll^Fdf, Gll^Fdf, Wwf^Es, Mm, Gs, Gll^Fdf, Gg, Rp, Gll^Fmf, Gll^Fdf, Gs, Gg, Wo, Gs^Vh, Wo, Ds, Wo, Wo, Wo, Wo, Wo
Mm, Mm, Mm, Mm, Mm, Mm, Mm, Ww, Mm, Mm, Mm, Gg, Ww, Gs, Gg, Gg, Gs, Gg^Efm, Ww, Ww, Wwf^Es, Gll^Fmf, Mm, Gs, Gg^Efm, Rp, Ww, Sm, Gd, Gg, Gll^Fdf, Gll^Fmf, Mm, Ds, Wo, Wo, Wo, Wo
Mm, Mm, Mm, Mm, Mm, Mm, Wo, Ww, Mm, Mm, Mm, Mm, Gs^Vh, Ww, Wwf^Es, Wwf^Es, Wwf^Es, Ww, Gll^Fdf, Gs^Vhr, Rb, Ww, Chr, Gll^Fmf, Chr, Rp, Gs^Vhr, Gll^Fdf, Gg, Gg, Re, Gs, Gll^Fdf, Ww, Gs, Wo, Wo, Wo
Mm, Mm, Mm, Mm, Mm, Mm, Mm, Mm, Mm, Mm, Hh, Mm, Gll^Fdf, Rb, Gs, Gll^Fdf, Gll^Fmf, Sm, Sm, Gll^Fmf, Gll^Fdf, Ww, Wwf^Es, Gll^Fdf, 4 Kh, Chr, Gll^Fdf, Rd, Gs, Gll^Fdf, Gll^Fdf, Gll^Fmf, Gll^Fdf, Gs, Gg, Wo, Wo, Wo
Mm, Mm, Mm, Mm, Mm, Mm, Hh, Mm, Hh, Mm, Gg, Gs, Gll^Fdf, Gg, Rb, Gll^Fdf, Rb, Mm, Ww, Gll^Fdf, Gs, Gs, Ww, Chr, Ww^Bsb|, Chr, Mm, Re, Gg, Gll^Fmf, Gll^Fdf, Ds, Wo, Chr, Wo, Wo, Wo, Wo
Mm, Mm, Mm, Mm, Gs^Vh, Mm, Gs, Gll^Fmf, Gg, Gg, Ce, Ce, Rb, Rb, Gg, Rb, Gll^Fdf, Rb, Rb, Rb, Rb, Gg, Gll^Fdf, Wwf^Es, Rb, Ww, Ww, Wwf^Es, Ww, Gd, Gg, Gs, Wo, Wo, Wo, Wo, Wo, Wo
Mm, Mm, Mm, Gll^Fmf, Gs, Gg, Gs, Gg, Gll^Fdf, Gs, Ce, 1 Ke, 2 Ke, Ce, Rd, Gs, Gg, Gll^Fmf, Gs, Mm, Gll^Fmf, Rb, Rb, Rb, Gg, Gg^Efm, Gs, Gg, Mm, Wwf^Es, Ww, Wo, Wo, Wo, Wo, Wo, Wo, Wo
Mm, Mm, Mm, Mm, Mm, Gs, Gll^Fdf, Gll^Fmf, Gg, Gg, Rb, Rb, Ce, Ce, Gll^Fdf, Gll^Fdf, Mm, Re, Gg, Gg, Gll^Fdf, Gll^Fdf, Gg, Gs, Gg, Gll^Fmf, Gll^Fdf, Rd, Rb^Vo, Co, Ko, Wo, Wo, Wo, Wo, Wo, Wo, Wo
Mm, Mm, Mm, Mm, Mm, Mm, Mm, Gll^Fmf, Gll^Fdf, Rb, Gll^Fdf, Gll^Fdf, Gg, Gd, Gs^Vh, Gll^Fmf, Mm, Mm, Gll^Fdf, Gs, Gg, Gs, Mm, Gg, Mm, Gll^Fdf, Gg, Rb, Re^Es, Co, Wo, Wo, Wo, Wo, Wo, Wo, Wo, Wo
Mm, Mm, Mm, Mm, Mm, Mm, Mm, Hh, Gs, Rb, Gll^Fdf, Gll^Fmf, Gs, Gll^Fdf, Gll^Fdf, Mm, Mm, Mm, Mm, Gs, Gs^Vh, Gll^Fdf, Mm, Mm, Mm, Gs, Gll^Fdf, Gs, Wo, Wo^Bw\, Wo, Wo, Wo, Wo, Wo, Wo, Wo, Wo
Mm, Mm, Mm, Mm, Mm, Mm, Gs, Gd, Rb, Rb, Gs, Gg, Hh, Gll^Fmf, Mm, Mm, Mm, Mm, Wo, Mm^Gvs, Mm, Mm, Mm, Mm, Mm, Gll^Fdf, Mm, Wo, Wo, Wo, Wo, Wo, Wo, Wo, Wo, Wo, Wo, Wo
Mm, Mm, Mm, Mm, Mm, Mm, Gs, Rb, Gs, Gg, Hh, Mm, Mm, Mm, Mm, Mm, Mm, Mm, Mm, Ww, Mm, Mm, Mm, Mm, Gs^Vh, Gg^Gvs, Gg^Gvs, Gll^Fmf, Wo, Wo, Wo, Wo, Wo, Wo, Ds, Wo, Wo, Wo
Mm, Mm, Mm, Mm, Mm, Gd, Rb, Rb, Gd, Mm, Mm, Mm, Mm, Mm, Mm, Mm, Mm, Mm, Mm, Ww, Ww, Mm, Ww, Ww, Wo, Wo, Wo, Mm, Wo, Wo, Wo, Wo, Mm, Mm, Gs^Ft, Ds, Wo, Wo
Mm, Mm, Mm, Hh^Vhh, Ce, Gs, Rb, Gs, Mm, Mm, Mm, Mm, Mm, Mm, Mm, Mm, Mm, Mm, Mm, Mm, Mm, Ww, Mm, Mm, Mm, Wo, Wo, Wo, Wo, Wo, Wo, Wo, Mm, Wot, Mm, Mm, Wo, Wo
Mm, Mm, Mm, Rb, Ce, Rb, Ce, Rb, Rb, Mm, Mm, Mm, Mm, Mm, Mm, Mm, Mm, Mm, Mm, Mm, Mm, Mm, Mm, Wo, Wo, Wo, Wo, Wo, Wo, Wo, Wo, Wo, Mm, Gs^Ft, Mm, Wo, Wo, Wo
Mm, Mm, Rb, Rb, Rb, Ce, 5 Ke, Ce, Hh^Vhh, Mm, Mm, Mm, Mm, Mm, Mm, Mm, Mm, Mm, Mm, Mm, Mm, Mm, Wo, Wo, Wo, Wo, Wo, Wo, Wo, Wo, Wo, Wo, Wo, Wo, Wo, Wwr, Wo, Wo
Mm, Mm, Mm, Rb, Rb, Rb, Gg, Rb, Mm, Mm, Mm, Mm, Mm, Mm, Mm, Mm, Mm, Mm, Mm, Mm, Mm, Mm, Wo, Wo, Wo, Wo, Wo, Wo, Wo, Wo, Wo, Wo, Wo, Wo, Wo, Wo, Wo, Wo
