Md, Md, Rp, Md, Md, Md, Md, Md, Ww, Ww, Ww, Ww, Gs^Fms, Gg, Gs, Gg, Gs, Gg, Rp, Gg
Md, Md, Ce, Md, Gs^Fms, Gs^Fms, Gs^Fms, Md, Ww, Ww, Ww, Ww, Gs^Fms, Gs, Gs^Fms, Gs^Es, Gs^Es, Gs^Fms, Rp, Gg
Md, Ce, 6 Ke, Ce, Gs, Gs^Fp, Gs^Fms, Gg, Gg, Ww, Gs^Fms, Ww, Ww, Gd, Gd, Gs, Gs^Fms, Gs^Fp, Rp, Gg
Md, Ce, Gs, Rp, Gd, Gg^Es, Gs, Gs, Gs^Fms, Md, Md, Ww, Ww, Ww, Gd, Gg, Rp, Rp, Gs, Gg
Md, Gs, Gs, Rp, Ww^Ewl, Gs^Fms, Gs^Fms, Gs, Gd, Md, Md, Gs^Fms, Ww, Ww, Gs, Rp, Gs^Fms, Gs, Gd, Gg
Gs^Fms, Md, Gg, Rp, Rp, Gs^Fms, Gg, Gs, Ww, Ww, Ww, Ww, Ww, Ww, Gs^Fms, Rp, Gs^Es, Gs^Fms, Gg, Gg
Md, Ww^Ewl, Gd, Gs^Fms, Gs, Rp, Gs^Edb, Gs, Ww, Ww, Ww, Ww, Ww, Gs^Fms, Rp, Rp, Gs^Fms, Gs, Gs, Gg
Md, Ww, Gs, Gs, Gll^Edb, Rp, Gs^Fms, Ww, Ww, Ww, Gd^Vhr, Ww, Ww^Bw/r, Ww^Bw/r, Ww, Gd, Gs^Fms, Gs^Fms, Gs, Gg
Md, Md, Gs, Gs, Gs^Fms, Rp, Rp, Ce, Gd, Gd, Rp, Rp, Ww, Ww, Ww, Ww, Ww, Gg, Gs, Gg
Gs^Fms, Gs^Fms, Gs^Efm, Gs, Gs^Edb, Ce, 4 Ket, Rp, Rp, Gd^Vhr, Rp, Ket, Ce, Gd^Vhr, Ww, Ww, Ww, Gs, Gs^Fms, Gg
Gs^Fms, Gd, Gg, Gs, Gs^Fms, Gd, Gd^Vhr, Rp, Ce, Rp, Gd^Vhr, Gd, Re^Es, Md, Ww, Ww, Ww, Gs^Fms, Gs^Fms, Gg
Gs^Fms, Gs^Fms, Gd, Gs, Re, Ce, Rp, Rp, Ket, Rp, Ww^Bw\, Ww^Ewl, Md, Re^Es, Re^Es, Ww, Ww, Gs, Gs, Gg
Gg, Gg, Gs^Fms, Gs, Gs, Rp, Gs^Fms, Ce, Ce, Ww, Ww, Ww, Ww, Re^Es, Ww, Ww, Ww, Ww, Gs^Fms, Gg
Gg, Gll, Gs, Gs^Fms, Gs, Rp, Gs, Gll, Gs^Fms, Gs^Fms, Ww, Ww, Ww, Ww, Ww, Ww, Gs^Es, Gs^Fms, Gs^Fms, Gg
Md, Gll^Es, Gs^Fms, Gs, Gs^Fms, Rp, Rp, Gs, Gs, Md, Md, Ww, Ww, Gs^Fms, Gs^Fms, Gs^Fms, Gll^Es, Gll^Es, Gs^Fms, Gg
Md, Ww^Ewf, Gs, Gs, Gs^Fp, Gs, Rp, Gd, Gs^Fms, Md, Ww, Ww, Ww, Gs^Fms, Gs, Gs^Fms, Gs^Fms, Gs^Fp, Gs^Fms, Gg
Gg, Gs, Gs, Gd, Gs, Gs^Fms, Rp, Gs, Ww, Gs^Fms, Gs, Ww, Ww, Ww, Ww, Gs, Gs^Fms, Gs^Fms, Gg, Gg
Md, Gd, Gs^Fms, Gs, Gs, Ww^Ewf, Ww^Ewl, Ww^Bsb\, Rp, Ww^Ewf, Gs^Fms, Gs^Fms, Md, Ww, Ww, Ww, Ww, Ww, Ww, Gg
Md, Md, Ww^Ewl, Gs^Fms, Gg, Gs, Gs^Fms, Rp, Gs^Fms, Gg, Gs, Md, Md, Ww, Wo, Ww, Wo, Wo, Wo, Ww
Md, Md, Md, Ww^Ewl, Gd, Gs, Gg, Rp, Rp, Gs, Gs^Fms, Gg, Gs^Fms, Ww, Wo, Wo, Wo, Wo, Wo, Wo
Md, Md, Ce, Ww^Ewl, Ww, Gg, Gs^Fms, Gs^Fms, Rp, Gs, Gg, Md, Wo, Wo, Wo, Wo, Wo, Wo, Wwr, Wo
Md, Ce, 5 Ke, Ce, Gs, Gg, Gs, Gll^Fp, Rp, Gg, Gs, Wo, Wo, Wo, Wo, Wo, Wo, Wwr, Wo, Wo
Gg, Ce, Gg, Gs, Gg, Gs^Fms, Gs, Gs, Gs, Rp, Gs^Fms, Gs, Gg, Wo, Wo, Wo, Wo, Wo, Wo, Wo
Gg, Gs, Gs, Gs, Gs, Gs^Fms, Gs^Fms, Gs^Fms, Rp, Rp, Rp, Gs^Fms, Ww^Ewf, Ww, Ww, Wo, Wo, Wo, Wo, Wo
Md, Gg, Gg, Gs^Fms, Gs^Fms, Gll^Fp, Gs, Rp, Gll^Edb, Gs^Fms, Rp, Ce, Ww, Ww, Ww, Wo, Wo, Wo, Wo, Wo
Md, Md, Gg, Gg^Efm, Gg, Gg, Gg^Edb, Rp, Ce, 3 Ket, Rp, Ce, Ce, Ww, 2 Ww^Bw/, Ww, Wot, Re^Es, Wo, Wo
Md, Gs, Gs^Fms, Gs, Gs, Gs, Gll^Edb, Rp, Rp, Gd^Vhr, Rp, Ket, Rp, 1 Rp, Ce, Wot, Md, Md, Wo, Wo
Md, Gg, Gg, Gs^Fms, Gs, Gg, Gs^Fms, Ce, Gd^Vhr, Rp, Gd^Vhr, Rp, Gd, Gd^Vhr, Ket, Md, Ds^Esd, Ds^Esd, Wo, Wo
Md, Md, Md, Md, Md, Gg, Re, Ds, Wo, Ce, Gd, Gd, Gd, Gd, Md, Re^Es, Ds^Es, Wo, Wo, Wo
Md, Md, Ds, Ds^Es, Wo, Wo, Wo, Ds^Es, Wo, Ce, Ket, Ce, Gd^Vhr, Wo, Md, Mm, Wo, Wo, Wo, Wo
Wo, Md, Md, Md, Wo, Wo, Wo, Wo, Wo, Wo, Wo, Wwr, Wwr, Wo, Wo, Wo, Wo, Wo, Wo, Wo
Wo, Wo, Wo, Wo, Wo, Wo, Wo, Wo, Wo, Wo, Wo, Wo, Wo, Wo, Wo, Wo, Wo, Wo, Wo, Wo
