Wo, Wo, Wo, Wo, Wo, Wo, Wo, Gs, Gs, Gs, Rp, Gs^Fms, Gs^Fms, Gs^Fms, Gs^Fds, Gs^Fms, Gd, Gs, Mm, Mm, Mm, Mm, Mm, Mm, Mm
Wo, Wo, Wo, Wo, Wo, Wo, Wo, Wo, Gd, Gs^Fms, Gs^Fms, Rp, Gs^Es, Gs^Fp, Gs^Fms, Gs^Fms, Gs^Es, Gs^Fms, Gll, Mm, Hhd^Vhhr, Mm, Mm, Mm, Mm
Wo, Wo, Wo, Wo, Chr^Edb, Wo, Chr^Edb, Ww, Ww, Gll, Rp, Rp, Rd, Gd, Gd, Gs, Gs^Fms, Gd, Gd, Rd, Gs^Es, Ww^Ewl, Gs^Fms, Mm, Mm
Wo, Wo, Wo, Rp^Vhcr, Rp, 4 Khr, Chr^Edb, Rp^Vhcr, Ww, Gs^Fms, Rp, Gs, Rd, Gs, Gll, Gs^Fms, Gs^Fp, Gg, Gd, Rd, Gs, Gll, Mm, Gs^Efm, Mm
Wo, Wo, Wo, Ds^Esd, Rp, Chr^Edb, Wwf^Es, Wo^Bsb\, Chr^Edb, Gs^Fms, Rp, Gs^Fms, Rd, Gll^Vhr, Ww, Gs^Fms, Gs^Fms, Gs, Rd, Rd, Gs, Gs^Fms, Gs^Fms, Mm, Mm
Wo, Wo, Wo, Mm, Ww, Gs^Fp, Gs^Fms, Gll, Gs^Fms, Rp, Gs^Fms, Gd, Gll, Wwf^Es, Gs^Fms, Wwf^Es, Ww, Gs^Es, Rd, Gs, Gll, Gll, Gs, Mm, Mm
Wo, Wo, Wo, Wo, Wo, Gs^Fp, Gs^Fms, Gs^Es, Gd, Rp, Rp, Gs^Es, Ww, Wwf^Es, Gll, Gs^Fms, Wwf^Bw/, Rd, Gs^Fms, Gll^Vhr, Gll, Gll, Gs^Es, Gs^Fms, Mm
Wo, Wo, Wo, Wo, Wo, Gs^Fms, Ww, Gll, Ww, Gs^Edb, Chr^Edb, Ww^Bw\r, Rp, Gll, Gll^Vhr, Rd, Chr^Edb, Wwf^Es, Ww, Gs, Gs^Es, Gs, Gs^Fms, Mm, Mm
Wo, Wo, Wo, Wo, Wo, Wo, Wo, Ww, Gs^Fms, Ww, Ww, Ww, Gs^Es, Rp, Rd, Rd, Gd^Edb, Gs^Es, Gs^Fms, Ww, Gs, Mm, Mm, Mm, Mm
Wo, Wo, Wo, Wo, Wo, Wo, Wo, Gll, Gs, Gs^Fms, Gll, Gd, Rp, Rp, Gs, Gs^Es, Gll, Gs^Fms, Wwf^Es, Wwf^Es, Gs^Fms, Gs^Fms, Re^Vct, Mm, Mm
Wo, Wo, Wo, Wo, Wo, Wo, Gs^Fms, Gs^Fms, Gll, Gll, Gll, Gll, Rp, Gs^Fms, Gs^Fms, Gll, Gll, Gs^Fms, Ww, Gs^Fms, Gs^Fms, Gll, Ce, Ce, Rb
Wo, Wo, Wo, Wo, Wo, Wo, Gll, Gs^Fp, Gs, Gll^Vhr, Gd^Es, Rp, Gs^Fms, Gs^Fp, Gs^Fms, Gll, Gll^Vhr, Ww, Gs^Fms, Wwf^Es, Ww, Ce, Ce, 1 Ke, Rb
Wo, Wo, Wo, Wo, Mm, Gs^Fms, Gs, Gs, Gs^Fms, Gd^Es, Gs^Es, Rp, Rp, Gs, Rd^Edb, Rd, Ww^Bw\, Ww, Gll, Gs^Fms, Wwf^Es, Ce, Re^Vct, 2 Ke, Rb
Wo, Wo, Wo, Mm, Gs^Fms, Mm, Ww, Gd, Ww, Gs, Ww, Gd, Gs, Rp, Chr^Edb, Wwf^Es, Gs, Rd, Rd, Rd, Rd, Wwf^Es, Ww, Ww, Ww
Wo, Wo, Ds^Es, Ds^Esd, Wo, Wo, Wo, Ww, Gs^Fp, Ww, Gs^Fms, Ww, Gs, Rp, Gll, Wwf^Es, Ww, Gs, Gs^Fms, Gs^Es, Mm, Gs^Vhhr, Mm, Mm, Mm
Wo, Wo, Mm, Wo, Wo, Wo, Wo, Gll, Gs^Fp, Gs^Fms, Gll^Vhr, Ww, Gll, Rp, Gll^Vhr, Gll, Gs^Es, Ww, Gs^Fms, Gs^Fp, Gs^Fms, Mm, Mm, Mm, Mm
Wo, Wo, Wo, Wo, Wo, Wo, Ww, Gs^Es, Gll, Gll, Gll, Ww, Ww^Bw/, Rp, Wwf^Es, Gs^Es, Wwf^Es, Ww, Gs, Gs^Fp, Gs^Fms, Mm, Mm, Mm, Mm
Wo, Wo, Wo, Wo, Ww, Wo, Rp^Vhcr, Ww, Chr^Edb, Gs^Fms, Gs^Fms, Rp, Gll, Ww, Gs, Wwf^Es, Gs, Gll, Gll^Es, Gs, Gs, Gll^Es, Mm, Mm, Mm
Wo, Wo, Wo, Wo, Rp^Vhcr, Rp^Es, Rp^Es, Ww, 3 Khr, Chr^Edb, Gs^Fms, Rp, Gll, Gll, Gs^Fp, Gs, Gg, Gs, Gs, Gs^Fms, Gs^Fms, Gs, Gs^Es, Mm, Mm
Wo, Wo, Wo, Wo, Wo, Wo, Mm, Chr^Edb, Chr^Edb, Rp^Es, Rp, Rp, Rd, Gll, Gll, Gs^Fms, Gs, Gs^Es, Rd, Gs^Fms, Gs^Fms, Mm, Mm, Mm, Mm
Wo, Wo, Rd^Es, Wo, Wo, Wo, Wo, Gs^Fms, Gll^Es, Gll^Es, Gs, Gs^Es, Rd, Gll^Vhr, Gs^Fms, Gs^Fp, Rd, Rd, Gll, Rd, Rd, Gs^Efm, Wo, Mm, Mm
Wo, Wo, Wo, Wo, Wo, Wo, Gs^Fms, Gs^Fms, Gs^Fp, Gs, Gs^Es, Gs^Es, Gs, Rd, Rd, Gs^Fms, Rd, Gs, Mm, Gs^Es, Mm, Hhd^Vhhr, Mm, Mm, Mm
Wo, Wo, Wo, Wo, Wo, Wo, Gs, Gs^Fms, Gs, Gs, Gs, Gg^Es, Gs, Gs^Es, Gs, Rd, Gs, Gs^Es, Mm, Mm, Mm, Mm, Gs, Mm, Mm
