Wo, Wo, Wo, Wo, Wo, Wo, Wo, Mm, Mm, Mm, Mm, Mm, Mm, Gg, Mm, Mm, Mm, Gg, Mm, Mm, Mm, Gg, Rd, Rd, Rd, Mm, Mm, Gg
Wo, Wo, Wo, Wo, Wo, Wo, Wo, Mm, Gll, Gs^Fms, Gs^Fp, Mm, Mm, Mm, Gs^Fms, Mm, Gs^Fp, Mm, Mm, Mm, Mm, Mm, Rd, Rd, Rd, Mm, Mm, Mm
Wo, Wo, Wo, Wo, Wo, Wo, Ds^Esd, Mm, Gll^Vhr, Gs^Fms, Gd^Es, Mm, Gll, Mm, Mm, Gs^Fp, Gs^Fp, Mm, Gs^Fms, Gs^Fp, Gs, Mm, Gs^Fms, Rd, Gs^Fms, Gll, Mm, Mm
Wo, Wo, Wo, Wo, Wo, Wo, Ds^Esd, Mm, Gs^Fms, Wo, Wo, Gs, Gs, Gs^Fms, Gll, Gs^Es, Gs, Gll^Es, Gs^Fms, Gs^Fp, Gs^Fms, Gs^Fms, Rd, Rd, Gll^Es, Gs^Fms, Mm, Mm
Wo, Wo, Wo, Wo, Wo, Mm, Mm, Gs^Fms, Wo, Wo, Wo, Wo, Md, Gs, Gs^Fms, Gll, Gs, Gs, Wwf^Es, Ww, Ww^Bw/, Rd, Gs^Fms, Gs^Fms, Gs^Fms, Mm, Mm, Mm
Wo, Wo, Wo, Wo, Wo, Wo, Wo, Wo, Wo, Wo, Wo, Wo, Gs^Fms, Gs^Fms, Gs, Gs, Gll, Wwf^Es, Gll^Vhr, Rd, Gs^Fms, Ww, Mm, Gs^Fms, Ww, Mm, Ww, Ww
Wo, Wo, Wo, Wo, Wo, Wo, Wo, Wo, Gs^Fms, Mm, Ds^Esd, Gs^Vhr, Gs^Es, Gs^Fms, Gs^Fms, Gll, Ww, Ww, Gll, Rd, Gs^Fms, Ww, Ww, Ww, Gll, Ww, Mm, Mm
Wo, Wo, Wo, Wo, Wo, Wo, Mm, Wo, Gs, Mm, Gs, Gs, Gs, Gs, Gll, Gll, Wwf^Es, Gs, Gs^Fms, Rd, Rd, Gs^Fms, Mm, Mm, Mm, Gs, Mm, Mm
Wo, Wo, Wo, Wo, Wo, Ds^Esd, Ds^Esd, Gs^Fms, Gll^Es, Gll^Es, Gs, Gs^Fms, Gs^Fp, Mm, Gs^Fms, Gs, Wwf^Es, Gs, Gs^Fms, Gs^Fp, Rd, Gs, Gs^Fms, Mm, Mm, Mm, Mm, Mm
Wo, Wo, Wo, Wo, Wo, Wo, Mm, Mm, Wo, Mm, Wo, Gs^Fms, Gs^Fms, Gs^Fms, Gs, Gs, Gs^Fms, Ww, Ww, Gll, Rd, Gs^Fms, Gs, Mm, Mm, Mm, Mm, Mm
Wo, Wo, Wo, Wo, Wo, Wo, Wo, Mm, Wo, Wo, Wo, Wo, Ww, Ww, Wwf^Es, Gs, Gs, Mm, Wwf^Es, Gll^Vhr, Gs^Es, Rd, Rd, Mm, Gs^Fms, Gs^Fms, Mm, Mm
Wo, Wo, Wo, Wo, Wo, Wo, Wo, Wo, Wo, Wo, Gs, Wo, Rd, Rd^Vhr, Gll, Wwf^Es, Mm, Mm, Wwf^Es, Gs, Gs^Fms, Gs^Fms, Rd, Gs^Es, Mm, Mm, Mm, Mm
Wo, Wo, Wo, Wo, Wo, Wo, Mm, Gs^Fms, Gs^Fms, Mm, Gs^Es, Gs, Rd, Gll, Gs, Ww, Ww, Ww, Gs, Gs^Fms, Gs^Fms, Gs^Fp, Rd, Gs^Es, Gll, Gs^Fms, Mm, Mm
Wo, Wo, Ds^Esd, Mm, Ce, Wo, Gs, Gs^Fms, Gll^Es, Gs, Rd, Rd, Mm, Gs, Gs, Gs, Gs^Fp, Gs, Mm, Mm, Gs^Fms, Gs^Fms, Rd, Gll, Gs^Fms, Gs^Fms, Mm, Mm
Wo, Wo, Mm, 2 Ke, Ce, Ce, Gs, Gs^Es, Gs^Fms, Gs^Fms, Rd, Gs^Fms, Gs^Fp, Mm, Gs, Gs^Fms, Gs^Fp, Gs^Fp, Mm, Gs^Fms, Rd, Rd, Gs, Gll^Vhr, Mm, Mm, Mm, Mm
Wo, Wo, Ww^Bw/r, Ds^Esd, Ds^Esd, Gll, Gs, Gs, Gs, Gs, Rd, Gs^Fms, Gs, Mm, Gs, Gll, Gs^Fms, Gll, Gll^Es, Gs^Fp, Rd, Gs^Fp, Gs^Fms, Mm, Mm, Mm, Mm, Mm
Wo, Wo, Wo, Ww, Ce, Ce, Gll, Gs, Rd^Vhr, Rd, Gs, Gs^Es, Gs^Fms, Gll^Es, Ww, Ww, Ww, Gs, Gs^Es, Gs^Es, Rd, Gs^Fms, Ww, Gll, Ww, Ww, Ww, Mm
Wo, Wo, Wo, 1 Ke, Ds^Esd, Ce, Mm, Gs^Fms, Ww, Gll, Gll, Gs^Fms, Gll^Es, Ww, Gs, Gs, Ww, Gs^Fms, Mm, Gll, Ww, Ww^Bw\r, Rd, Ww, Gs^Fms, Mm, Mm, Ww
Wo, Wo, Wo, Ww^Bw/r, Ww, Ds^Esd, Wo, Wo, Ww, Ww, Ww, Gs, Wwf^Es, Ww, Gll, Mm, Mm, Wwf^Es, Ww, Ww, Gs^Fms, Gll, Rd, Gs^Fms, Gs^Fms, Mm, Mm, Mm
Wo, Wo, Wo, Wo, Wo, Wo, Wo, Wo, Gs, Gll^Es, Mm, Wwf^Es, Gs^Fms, Gs^Es, Mm, Mm, Mm, Gll, Gs^Fms, 3 Gs^Es, Gs, Gs, Rd, Gs^Es, Gs^Es, Gll, Gs^Fms, Mm
Wo, Wo, Wo, Wo, Wo, Wo, Wo, Mm, Mm, Gs, Gs^Fp, Mm, Gs^Fp, Gs, Mm^Es, Mm, Mm, Gs^Es, Gs^Fp, Gs, Gll, Rd, Rd, Rd, Mm, Gs^Fms, Mm, Mm
Wo, Wo, Wo, Wo, Mm, Mm, Mm, Ds^Esd, Mm, Mm, Gs^Fp, Gs^Fp, Gs^Fms, Mm, Mm, Mm, Mm, Mm, Gs^Fms, Gs^Fms, Mm, Rd, 4 Rd, Rd, Rd, Mm, Mm, Mm
Wo, Wo, Wo, Wo, Wo, Mm, Mm, Mm, Mm, Mm, Mm, Mm, Mm, Mm, Mm, Mm, Mm, Mm, Mm, Mm, Mm, Rd, Rd, Rd, Rb, Mm, Mm, Mm
