Wo, Wo, Wo, Wo, Wo, Wo, Ww, Wwr, Wwr, Wo, Wo, Wo, Wo, Wo, Wo, Mm, Mm^Xm, Mm^Xm, Mm^Xm, Mm^Xm, Mm, Gg
Wo, Wo, Wo, Wo, Gd^Vo, Gll^Fmf, Chr, Wwr, Chr, Ww, Ww, Wo, Wo, Wo, Mm, Mm^Xm, Gll^Fdw, Mm^Xm, Ket, Mm, Rb, Rb
Wo, Wo, Wo, Ww, Ds^Es, Gll^Fdw, Rb, Rb, Rb, Mm, Mm, Wo, Wo, Wo, Mm, Mm, Gd, Cer, Cer, 3 Ket, Mm^Xm, Rb
Wo, Wo, Rp^Vhcr, Gll, Mm, Gll, Gll^Fdw, Mm, Rb, Mm, Hh^Vhh, Wo, Ww, Gll^Fmf, Gll, Gll^Fmf, Rb, Rb, Rb, Mm^Xm, Mm^Xm, Mm
Wo, Wo, Mm, Gll, Wo, Ch, Gll^Ftr, Rb^Es, Rb, Chr, Ww, Ww, Gll^Fdw, Gll, Mm, Gll^Fdw, Rb, Gd^Vhr, Mm, Mm, Mm, Mm
Wo, Wo, Ss, Ch, Qxe, Mm, Sm, Mm, Gll, Rb^Es, Ww^Bw\, Gll^Fmf, Rb, Gd^Vhr, Rb, Rb, Gd, Gll^Fmf, Gd, Hh, Gll^Fdw, Gll^Fmf
Wo, Wo, Chw, 4 Kh, Ch, Ch, Sm, Gd^Vo, Gll^Fmf, Ww, Gll^Fdw, Rb, Mm, Rb, Gll^Fmf, Gll^Fdw, Gll^Ftr, Mm, Sm, Rb, Gd^Vhr, Gll^Fmf
Wo, Wo, Wo, Ww, Ww, Sm, Gll^Ftr, Rb, Mm, Ww, Wwf^Es, Gd^Vhr, Hh, Gll^Fdf, Gll^Ftr, Hh, Rb, Ss, Mm, Mm, Ww^Ewf, Rb
Wo, Wo, Wo, Wo, Wwr, Ww, Hh, Rb, Rb, Mm, Wwf^Es, Gd, Mm, Gll^Fmf, Gd, Sm, Gll^Ftr, Hh^Vhh, Gll^Fdw, Gll^Fdw, Gll^Fmf, Rb
Wo, Wo, Wo, Ds^Es, Mm, Cer, Sm, Gll^Fdw, Rb, Gd^Vhr, Gd, Wwf^Es, Ww, Gll^Fmf, Ww, Ww, Wwf^Es, Gll^Fmf, Gd, Gll^Fdw, Hh, Mm
Wo, Wo, Mm, Ds^Es, Gd^Vo, Gll^Fdw, Gd, Gll^Fmf, Gll^Fdw, Rb, Gll^Fdw, Cer, Ww, Ww, Mm, Gd^Vhr, Re^Esd, Ww, Rb, Mm, Mm, Mm
Wo, Wo, Wo, Mm, Ss, Sm, Gll^Ftr, Gs, Gd, Rb, Rb, Rb, Ww^Bw\, Mm, Mm, Mm, Ww, Ww, Rb, Rb, Rb^Esd, Mm
Wo, Wo, Wo, Wo, Rb, Cer, Rb, Gd, Gll^Ftr, Rb, Gll^Vhr, Wwf^Es, Wwf^Es, Rb, Rb, Gll^Fdw, Ww^Bw/, Rb, Mm, Chr, Mm, Rb
Wo, Wo, Wo, Mm, Sm, Rb, Rb^Ftr, Rb, Gll, Rb, Mm, Ww, Mm^Xm, Gs, Gd, Rb, Gll^Fmf, Ww, Wwr, Wo, Mm, Mm
Wo, Wo, Wo, Wo, Wo, Rb, Mm, Gd^Vo, Rb, Rb, Ww, Ww, Mm^Xm, Mm, Hh, Gll, Gd^Vhr, Ww, Rb, Mm, Mm, Mm
Wo, Wo, Mm, Wo, Ww, Mm, Ww, Mm, Rb, Chr, Ww, Hh^Vhh, Mm^Xm, Mm^Xm, Mm^Xm, Gll^Fmf, Gll^Fdw, Ww, Ww, Gll^Fmf, Gll^Fdw, Mm
Wo, Wo, Wo, Mm, Mm, Ww, Ce, Wwf^Es, Ww^Bw/, Rb^Esd, Ww, Mm, Mm^Xm, Mm^Xm, Mm^Xm, Mm, Gll^Fmf, Rb, Ww, Mm, Mm, Mm
Mm, Mm, Mm, Wo, Mm, Ce, Ce, Re, Ce, Wwf^Es, Mm, Mm, Mm^Xm, Mm^Xm, Mm^Xm, Mm, Mm, Mm, Wo, Wo, Mm, Mm
Mm, Mm, Mm, Mm, Mm, 1 Ke, Re^Vct, Re, Ce, Ce, Mm, Mm^Xm, Mm^Xm, Mm^Xm, Mm^Xm, Mm^Xm, Mm, Mm, Mm, Mm, Mm, Mm
Mm, Mm, Mm, Mm, Mm, Mm, Re, Re, Re^Vct, 2 Ke, Mm, Mm, Mm, Mm^Xm, Mm^Xm, Mm^Xm, Mm, Mm, Mm, Mm, Mm, Mm
Mm, Mm, Mm, Mm, Mm, Mm, Mm, Re, Mm, Mm, Gg, Mm, Mm, Mm^Xm, Mm^Xm, Mm^Xm, Mm^Xm, Mm, Mm, Mm, Mm, Mm
